FAIL ./test.js
  Pruebas express
    √ POST /Test results saved to test-results.txt
9 ms)
    √ GET /tasks debería obtener todas las tareas (6 ms)
    √ GET /tasks/:id debería obtener una tarea por ID (11 ms)
    √ PUT /tasks/:id debería actualizar una tarea existente (11 ms)
    × DELETE /tasks/:id debería eliminar una tarea existente (16 ms)

  ● Pruebas express › DELETE /tasks/:id debería eliminar una tarea existente

    expect(received).toBe(expected) // Object.is equality

    Expected: 404
    Received: 200

       97 |       .get(`/tasks/${crearRespuesta.body.id}`);
       98 |
    >  99 |     expect(obtenerRespuesta.statusCode).toBe(404);
          |                                         ^
      100 |   });
      101 | });
      102 |

      at Object.toBe (test.js:99:41)

Test Suites: 1 failed, 1 total
Tests:       1 failed, 4 passed, 5 total
Snapshots:   0 total
Time:        0.831 s, estimated 2 s
Ran all test suites.
